// Jest Snapshot v1, https://goo.gl/fbAQLP

exports[`component resolver should resolve config properly 1`] = `
Object {
  "absolute": "/@mock-path@/test-project/components/foo/index",
  "npm": "/@mock-path@/test-project/node_modules/npm-pkg/es/card/index",
  "plugin": "plugin://foo-plugin/foo-component",
  "relative": "/@mock-path@/test-project/components/foo/index",
  "self": "__SELF__",
}
`;
