// Jest Snapshot v1, https://goo.gl/fbAQLP

exports[`transpiler transform 1`] = `
Object {
  "ast": Object {
    "attrsList": Array [],
    "attrsMap": Object {},
    "children": Array [],
    "parent": undefined,
    "plain": true,
    "tag": "view",
    "tagHelperMap": Object {
      "view": "view",
    },
    "type": 1,
  },
  "dependencies": Array [],
  "renderFn": "_c(__components_ref__['view']||'view')",
  "tplASTs": null,
  "tplAlias": null,
}
`;
